habibawael@pop-os:~$ cd ~/Downloads/Updated-Task-02
habibawael@pop-os:~/Downloads/Updated-Task-02$ ls -a 
.  ..  .level-1.tar  README.txt
habibawael@pop-os:~/Downloads/Updated-Task-02$ tar -xvf .level-1.tar 
.level-1/
.level-1/README.txt
.level-1/level-2
habibawael@pop-os:~/Downloads/Updated-Task-02$ ls -a
.  ..  .level-1  .level-1.tar  README.txt
habibawael@pop-os:~/Downloads/Updated-Task-02$ cd ~/Downloads/Updated-Task-02/.level-1
habibawael@pop-os:~/Downloads/Updated-Task-02/.level-1$ ls 
level-2  README.txt

habibawael@pop-os:~/Downloads/Updated-Task-02/.level-1$  tar -czf level-2
tar: Cowardly refusing to create an empty archive
Try 'tar --help' or 'tar --usage' for more information.
habibawael@pop-os:~/Downloads/Updated-Task-02/.level-1$ tar -xf level-2
habibawael@pop-os:~/Downloads/Updated-Task-02/.level-1$ ls
level-2  README.txt
habibawael@pop-os:~/Downloads/Updated-Task-02/.level-1$ cd ~/Downloads/Updated-Task-02/.level-1/level-2/
habibawael@pop-os:~/Downloads/Updated-Task-02/.level-1/level-2$ ls
01VzXCtEZS  AVR4cOJJui  F7HxYNlWa1  kuDj7Ti4Id  pRQVevx1kv  vm5P2xLF3s
09tuxAUkSZ  AXkzOy8ZzP  feBbPjPHsA  kVQzoTdmBO  PVhcqo825N  VMVoKBX4Qu
0MaqBh51eE  b8L3KxPJL3  FKtcWd8ViA  L3QwW94Azo  Q6QURkVvYf  vOcM3EYMXw
1Rc48mLISP  bc83b2Byu2  fky7p46DOi  l6FQ8rGXcW  QIGyaTtmlW  VUOJouKqL9
1t7LeNZeIl  BeSbKu0Ogb  fSikeo7Jtz  l8fShvYkRA  QirM8dLKSD  VxWCuMyoCO
2dBiyDY1PQ  BsdD4ojJkc  fTBdzWqgkc  lcVizkoO1R  Qv3QTzvZC1  w9ophYtx44
2tqNyIRWZk  bvSabnQtuB  FUSxQX2TeD  lvEy6vrtZe  README.txt  waa5BUbYjL
3aI6ZRWi7g  ciyaIBrj64  g18DV62wEd  LXdwN4DGye  rHC2JXoQSc  wfbzcLn49x
3HClX3dFMm  clktsGviqW  gB9k1O4ZT6  lxQpP8fJrM  rjS1PORSqI  WU2NIZw5bL
3nhuQzOgpI  CoXO2qfhv8  gBT5u0vLT5  mIQgRJXCLp  rn4s52kOCO  WWgF2QTu1U
40Mg6vDbYN  cqxENw21F1  Gf0hDzawoe  mLD2604WjZ  rnTFX18Jh9  WxGYCzojb5
4bq72IzcAj  cTJdoZGT00  Gi0sWVVQmE  mMwQyrbtaZ  rTAkta2aW2  WzkBDyZf09
4CkUBprXze  cUJtGyfwcE  GqeOr84K6i  Mn1k5s3x2R  rzz4HDYtQb  x2OxGPBNwZ
4OAvfgFenY  cuL74htcTP  gUm1Kw3MsJ  mTJFxGhibA  s82TBxnZgd  X7by8vw474
4Qm9FLdd1E  cYLRnO8xIB  GuxvN3cJ7U  n80qgsvhlQ  SkWLO4DmJj  xiRKbhzAt6
4TqWZorrCe  D240Im7S6f  H2TS1vp6Xt  n8QxXKvUat  soPx5vMfvS  Xnmws6DuHJ
54is18fJ6D  dcWFp0gN0U  HC3gnSrNHL  n9Gy45gDYd  SpGacqvoQe  Y2WinDQzOb
5CnJF4NcXe  dkbSpLYJE5  HDe7NHRINO  NABe6RrZS9  Sv7z35zbDG  y7U81AE7BP
6jKgIUUWGx  DQ3kjLgCUV  HRHgAeIQKP  NB8PtjcBPu  T4TiKdPbRw  yc0GFVKDtL
6LythIyWzQ  dW436qn2Pa  hsM9mQuMTH  NuvecJk6rH  tmDRcrdYa9  YH3RBGocdA
6QcByCct9B  DWahK49MnT  hynub0MKNl  nV9Fht2ABW  TynxkdcmfZ  ymuoaRLefH
7B5l8AC1M8  dwmlaLoghH  Ib1jBtgkP4  O0Jt20BDT8  u8APo7fuFv  yWegzIJdDb
7dnQ0OZO7U  DYCdqY7wJN  iJfohlDIrt  o1hEPIsnq0  uCBBCPnmb2  yWY8iLmL2v
7f6nrbSyXM  E0bi5j8X9V  IXzIL2c9IA  o5zluFzkcg  uH7zN1UJSF  Yx2PUbl2gA
8HuZDGUf7D  EC1LKYOR0Z  jbZwCGWF1u  oATDmz0CAK  UkoXWlT8ck  ZDe6elrEn5
8lNsncDmgT  ECIShbzsBE  jGu9MApzJB  OBfROJ7kKU  UkXg7Lp9iV  ZgiaL4uwSD
a8wKwwWNRJ  EDPOSQuyWk  JiMEslX4PO  OEQ9RG7Cam  Uo2uLQHfWm  ZhfPkBCn6B
ABtpOP8TR9  EJd4UALueA  JVucZ5s2sO  OlDXrxU8tn  URJcbPH7ig  zQ85ieoBzD
AbyVd8kDq7  emEeo94yqd  jzjKDCAuJh  OQUNDxbuAf  uUeLfbjNyx  zTpHflQtBt
aD09T4P1xb  eRz0wDJzB6  k0KGHDEFmp  P9w2t9K9Ju  UUrQyToe6M  ZwCSnEFDCS
afHUHOaYAb  Etsj7NECd9  KNXMn8sBL8  PBQjGeeXZ2  uYt23HMkvu  zXOU7yVyjx
AKf6S1hWVZ  eTY7qTsykD  KO4TANambB  PDsc45eDhU  v2LInrvkDO
AofrZBGKhB  evJEy0ce9D  kPIkdmGR9B  po63smRLBt  v9kNm4bENt
aT6OddrPAr  f4sJ94QCRL  kr6RDEYCed  pptcUXKeGS  VkL2bz9W98
habibawael@pop-os:~/Downloads/Updated-Task-02/.level-1/level-2$ cat README.txt 
Locate "level-3".
Use a general method to decompress it.
habibawael@pop-os:~/Downloads/Updated-Task-02/.level-1/level-2$ ls -a 
.           AofrZBGKhB  evJEy0ce9D  kPIkdmGR9B  po63smRLBt  v9kNm4bENt
..          aT6OddrPAr  f4sJ94QCRL  kr6RDEYCed  pptcUXKeGS  VkL2bz9W98
01VzXCtEZS  AVR4cOJJui  F7HxYNlWa1  kuDj7Ti4Id  pRQVevx1kv  vm5P2xLF3s
09tuxAUkSZ  AXkzOy8ZzP  feBbPjPHsA  kVQzoTdmBO  PVhcqo825N  VMVoKBX4Qu
0MaqBh51eE  b8L3KxPJL3  FKtcWd8ViA  L3QwW94Azo  Q6QURkVvYf  vOcM3EYMXw
1Rc48mLISP  bc83b2Byu2  fky7p46DOi  l6FQ8rGXcW  QIGyaTtmlW  VUOJouKqL9
1t7LeNZeIl  BeSbKu0Ogb  fSikeo7Jtz  l8fShvYkRA  QirM8dLKSD  VxWCuMyoCO
2dBiyDY1PQ  BsdD4ojJkc  fTBdzWqgkc  lcVizkoO1R  Qv3QTzvZC1  w9ophYtx44
2tqNyIRWZk  bvSabnQtuB  FUSxQX2TeD  lvEy6vrtZe  README.txt  waa5BUbYjL
3aI6ZRWi7g  ciyaIBrj64  g18DV62wEd  LXdwN4DGye  rHC2JXoQSc  wfbzcLn49x
3HClX3dFMm  clktsGviqW  gB9k1O4ZT6  lxQpP8fJrM  rjS1PORSqI  WU2NIZw5bL
3nhuQzOgpI  CoXO2qfhv8  gBT5u0vLT5  mIQgRJXCLp  rn4s52kOCO  WWgF2QTu1U
40Mg6vDbYN  cqxENw21F1  Gf0hDzawoe  mLD2604WjZ  rnTFX18Jh9  WxGYCzojb5
4bq72IzcAj  cTJdoZGT00  Gi0sWVVQmE  mMwQyrbtaZ  rTAkta2aW2  WzkBDyZf09
4CkUBprXze  cUJtGyfwcE  GqeOr84K6i  Mn1k5s3x2R  rzz4HDYtQb  x2OxGPBNwZ
4OAvfgFenY  cuL74htcTP  gUm1Kw3MsJ  mTJFxGhibA  s82TBxnZgd  X7by8vw474
4Qm9FLdd1E  cYLRnO8xIB  GuxvN3cJ7U  n80qgsvhlQ  SkWLO4DmJj  xiRKbhzAt6
4TqWZorrCe  D240Im7S6f  H2TS1vp6Xt  n8QxXKvUat  soPx5vMfvS  Xnmws6DuHJ
54is18fJ6D  dcWFp0gN0U  HC3gnSrNHL  n9Gy45gDYd  SpGacqvoQe  Y2WinDQzOb
5CnJF4NcXe  dkbSpLYJE5  HDe7NHRINO  NABe6RrZS9  Sv7z35zbDG  y7U81AE7BP
6jKgIUUWGx  DQ3kjLgCUV  HRHgAeIQKP  NB8PtjcBPu  T4TiKdPbRw  yc0GFVKDtL
6LythIyWzQ  dW436qn2Pa  hsM9mQuMTH  NuvecJk6rH  tmDRcrdYa9  YH3RBGocdA
6QcByCct9B  DWahK49MnT  hynub0MKNl  nV9Fht2ABW  TynxkdcmfZ  ymuoaRLefH
7B5l8AC1M8  dwmlaLoghH  Ib1jBtgkP4  O0Jt20BDT8  u8APo7fuFv  yWegzIJdDb
7dnQ0OZO7U  DYCdqY7wJN  iJfohlDIrt  o1hEPIsnq0  uCBBCPnmb2  yWY8iLmL2v
7f6nrbSyXM  E0bi5j8X9V  IXzIL2c9IA  o5zluFzkcg  uH7zN1UJSF  Yx2PUbl2gA
8HuZDGUf7D  EC1LKYOR0Z  jbZwCGWF1u  oATDmz0CAK  UkoXWlT8ck  ZDe6elrEn5
8lNsncDmgT  ECIShbzsBE  jGu9MApzJB  OBfROJ7kKU  UkXg7Lp9iV  ZgiaL4uwSD
a8wKwwWNRJ  EDPOSQuyWk  JiMEslX4PO  OEQ9RG7Cam  Uo2uLQHfWm  ZhfPkBCn6B
ABtpOP8TR9  EJd4UALueA  JVucZ5s2sO  OlDXrxU8tn  URJcbPH7ig  zQ85ieoBzD
AbyVd8kDq7  emEeo94yqd  jzjKDCAuJh  OQUNDxbuAf  uUeLfbjNyx  zTpHflQtBt
aD09T4P1xb  eRz0wDJzB6  k0KGHDEFmp  P9w2t9K9Ju  UUrQyToe6M  ZwCSnEFDCS
afHUHOaYAb  Etsj7NECd9  KNXMn8sBL8  PBQjGeeXZ2  uYt23HMkvu  zXOU7yVyjx
AKf6S1hWVZ  eTY7qTsykD  KO4TANambB  PDsc45eDhU  v2LInrvkDO
habibawael@pop-os:~/Downloads/Updated-Task-02/.level-1/level-2$ find -name "level-3"
./gBT5u0vLT5/level-3
habibawael@pop-os:~/Downloads/Updated-Task-02/.level-1/level-2$ cd ~/Downloads/Updated-Task-02/.level-1/level-2/gBT5u0vLT5/
habibawael@pop-os:~/Downloads/Updated-Task-02/.level-1/level-2/gBT5u0vLT5$ ls
level-3
habibawael@pop-os:~/Downloads/Updated-Task-02/.level-1/level-2/gBT5u0vLT5$ file level-3 
level-3: bzip2 compressed data, block size = 900k
habibawael@pop-os:~/Downloads/Updated-Task-02/.level-1/level-2/gBT5u0vLT5$ bunzip2 level-3 
bunzip2: Can't guess original name for level-3 -- using level-3.out
habibawael@pop-os:~/Downloads/Updated-Task-02/.level-1/level-2/gBT5u0vLT5$ ls
level-3.out
habibawael@pop-os:~/Downloads/Updated-Task-02/.level-1/level-2/gBT5u0vLT5$ file level-3.out 
level-3.out: POSIX tar archive (GNU)
habibawael@pop-os:~/Downloads/Updated-Task-02/.level-1/level-2/gBT5u0vLT5$ ls
level-3.out

habibawael@pop-os:~/Downloads/Updated-Task-02/.level-1/level-2/gBT5u0vLT5$ nano level-3.out 
habibawael@pop-os:~/Downloads/Updated-Task-02/.level-1/level-2/gBT5u0vLT5$ inode level-3.out 
Command 'inode' not found, did you mean:
  command 'node' from deb nodejs (12.22.9~dfsg-1ubuntu3)
Try: sudo apt install <deb name>
habibawael@pop-os:~/Downloads/Updated-Task-02/.level-1/level-2/gBT5u0vLT5$ Inode level-3.out 
Command 'Inode' not found, did you mean:
  command 'node' from deb nodejs (12.22.9~dfsg-1ubuntu3)
Try: sudo apt install <deb name>
habibawael@pop-os:~/Downloads/Updated-Task-02/.level-1/level-2/gBT5u0vLT5$ ls -i level-3.out 
393299 level-3.out
habibawael@pop-os:~/Downloads/Updated-Task-02/.level-1/level-2/gBT5u0vLT5$ nano level-3.out 
habibawael@pop-os:~/Downloads/Updated-Task-02/.level-1/level-2/gBT5u0vLT5$ nano level-3.out 
habibawael@pop-os:~/Downloads/Updated-Task-02/.level-1/level-2/gBT5u0vLT5$ nano level-3.out 
habibawael@pop-os:~/Downloads/Updated-Task-02/.level-1/level-2/gBT5u0vLT5$ ls -l
total 212
-rw-r--r-- 1 habibawael habibawael 215040 Aug  9 20:58 level-3.out
habibawael@pop-os:~/Downloads/Updated-Task-02/.level-1/level-2/gBT5u0vLT5$ find size 393299
find: ‘size’: No such file or directory
find: ‘393299’: No such file or directory
habibawael@pop-os:~/Downloads/Updated-Task-02/.level-1/level-2/gBT5u0vLT... (2 KB left)